Map = {

	Vortex = {
		type = "Vortice",
		position = {-255.078, -400.725, -105.462},
		model = "vortice.mesh",
		scale = 1,
		damage = 500,
		timeDamage = 500,
		physic_entity = "rigid",
		physic_trigger = true,
		physic_type = "static",
		physic_shape = "box",
		physic_dimensions = { 2000, 50, 2000 },
		physic_group = 2,
		physic_groupList = "1",
		lightMask = "1",
	},
	
	LavaPipes = {
		type = "Lava",
		position = {48.2968, 32.1517, 122.804},
		
		plane_orientation = {0, 1, 0},
		plane_width = 200,
		plane_height = 200,
		plane_xSegments = 60,
		plane_ySegments = 60,
		plane_uTiling = 10,
		plane_vTiling = 10,
		plane_upVector = {0, 0, 1},
		plane_material = "lavaFondo",
		
		physic_dimensions = {100, 1, 100},
	},
	
	LavaAltar = {
		type = "Lava",
		position = {82.3584, 145.033, -133.341},
		
		plane_orientation = {0, 1, 0},
		plane_width = 180,
		plane_height = 220,
		plane_xSegments = 60,
		plane_ySegments = 60,
		plane_uTiling = 10,
		plane_vTiling = 10,
		plane_upVector = {0, 0, 1},
		plane_material = "lavaFondo",
		
		physic_dimensions = { 100, 1, 120 },
	},
	
	Player = {
		type = "LocalHound",
		isPlayer = true,
		position = {0, 5, 0},
		physic_group = 1,
		physic_groupList = "-1",
	},
	
	PhysicWorld = {
		type = "PhysicWorld",
	},
	
	Camera = {
		type = "Camera",
		height = 8,
	},

	Shotgun = {
		type = "ShotgunItem",
		position = {-123.662, 198.259, -153.212},
	},
	
	UniqueSpawnPoint = {
		type = "SpawnPoint",
		position = {-348.442, 198.219, 196.188},
		physic_entity = "rigid",
		physic_trigger = true,
		physic_type = "static",
		physic_shape = "box",
		physic_dimensions = { 4, 7, 4 },
	},

	ChachiLight = {
		type = "Light",
		direction = {0.0, -1.0, 0.0},
		position = {0.0, 0.0, 0.0},
		lightIsStatic = true,
		lightGroup = 2,
		lightType = "directional",
		color = {0.9, 0.9, 0.9},
	}, 
	
	LavaAltarOmni030 = {
		type = "Light",
		position = {85.9733, 144.42, -133.581},
		lightIsStatic = true,
		lightGroup = 2,
		lightType = "point",
		color = {1.0, 1.0, 0.09},
		range = 3250,
		attenuation = {1.0, 0.0014, 0.000007},
	},
	
	LavaPipesOmni030 = {
		type = "Light",
		position = {51.9337, 13.6564, 113.85},
		lightIsStatic = true,
		lightGroup = 2,
		lightType = "point",
		color = {1.0, 1.0, 0.09},
		range = 3250,
		attenuation = {1.0, 0.0014, 0.000007},
	},
	
	VortexLight = {
		type = "Light",
		position = {-260.262, -4.85, -117.558},
		direction = {0.0, 1.0, 0.0},
		lightIsStatic = true,
		lightGroup = 2,
		lightType = "spot",
		innerAngle = 0.93,
		outerAngle = 1.51,
		color = {0.0, 1.0, 0.87},
		powerScale = 0.500000,
		range = 3250,
		attenuation = {1.0, 0.0014, 0.000007},
	},

	Object002 = {
		type = "World",
		model = "Object002.mesh",
		position = {0,0,0},
		scale = {0.3, 0.3, 0.3},
		rotation = "-0.000000 1.000000 0.000000 0.000000",
		static = true,
	},

	Object006 = {
		type = "World",
		model = "Object006.mesh",
		position = {0,0,0},
		scale = {0.3, 0.3, 0.3},
		rotation = "-0.000000 1.000000 0.000000 0.000000",
		static = true,
	},

	Object014 = {
		type = "World",
		model = "Object014.mesh",
		position = {0,0,0},
		scale = {0.3, 0.3, 0.3},
		rotation = "-0.000000 1.000000 0.000000 0.000000",
		static = true,
	},

	Object020 = {
		type = "World",
		model = "Object020.mesh",
		position = {0,0,0},
		scale = {0.3, 0.3, 0.3},
		rotation = "-0.000000 1.000000 0.000000 0.000000",
		static = true,
	},

	Object022 = {
		type = "World",
		model = "Object022.mesh",
		position = {0,0,0},
		scale = {0.300000, 0.300000, 0.300000},
		rotation = "-0.000000 1.000000 0.000000 0.000000",
		static = true,
	},

	Object030 = {
		type = "World",
		model = "Object030.mesh",
		position = {0,0,0},
		scale = {0.300000, 0.300000, 0.300000},
		rotation = "-0.000000 1.000000 0.000000 0.000000",
		static = true,
	},

	Object034 = {
		type = "World",
		model = "Object034.mesh",
		position = {0,0,0},
		scale = {0.3, 0.3, 0.3},
		rotation = "-0.000000 1.000000 0.000000 0.000000",
		static = true,
	},

	Object038 = {
		type = "World",
		model = "Object038.mesh",
		position = {0,0,0},
		scale = {0.3, 0.3, 0.3},
		rotation = "-0.000000 1.000000 0.000000 0.000000",
		static = true,
	},

	Object055 = {
		type = "World",
		model = "Object055.mesh",
		position = {0,0,0},
		scale = {0.3, 0.3, 0.3},
		rotation = "-0.000000 1.000000 0.000000 0.000000",
		static = true,
	},

	Object057 = {
		type = "World",
		model = "Object057.mesh",
		position = {0,0,0},
		scale = {0.3, 0.3, 0.3},
		rotation = "-0.000000 1.000000 0.000000 0.000000",
		static = true,
	},

	Object061 = {
		type = "World",
		model = "Object061.mesh",
		position = {0,0,0},
		scale = {0.3, 0.3, 0.3},
		rotation = "-0.000000 1.000000 0.000000 0.000000",
		static = true,
	},

	Object067 = {
		type = "World",
		model = "Object067.mesh",
		position = {0,0,0},
		scale = {0.3, 0.3, 0.3},
		rotation = "-0.000000 1.000000 0.000000 0.000000",
		static = true,
	},

	Object083 = {
		type = "World",
		model = "Object083.mesh",
		position = {0,0,0},
		scale = {0.3, 0.3, 0.3},
		rotation = "-0.000000 1.000000 0.000000 0.000000",
		static = true,
	},

	Object085 = {
		type = "World",
		model = "Object085.mesh",
		position = {0,0,0},
		scale = {0.3, 0.3, 0.3},
		rotation = "-0.000000 1.000000 0.000000 0.000000",
		static = true,
	},

	Object087 = {
		type = "World",
		model = "Object087.mesh",
		position = {0,0,0},
		scale = {0.3, 0.3, 0.3},
		rotation = "-0.000000 1.000000 0.000000 0.000000",
		static = true,
	},

	Object089 = {
		type = "World",
		model = "Object089.mesh",
		position = {0,0,0},
		scale = {0.3, 0.3, 0.3},
		rotation = "-0.000000 1.000000 0.000000 0.000000",
		static = true,
	},

	Object093 = {
		type = "World",
		model = "Object093.mesh",
		position = {0,0,0},
		scale = {0.3, 0.3, 0.3},
		rotation = "-0.000000 1.000000 0.000000 0.000000",
		static = true,
	},

	Object109 = {
		type = "World",
		model = "Object109.mesh",
		position = {0,0,0},
		scale = {0.3, 0.3, 0.3},
		rotation = "-0.000000 1.000000 0.000000 0.000000",
		static = true,
	},

	Object117 = {
		type = "World",
		model = "Object117.mesh",
		position = {0,0,0},
		scale = {0.3, 0.3, 0.3},
		rotation = "-0.000000 1.000000 0.000000 0.000000",
		static = true,
	},

	Object119 = {
		type = "World",
		model = "Object119.mesh",
		position = {0,0,0},
		scale = {0.3, 0.3, 0.3},
		rotation = "-0.000000 1.000000 0.000000 0.000000",
		static = true,
	},

	Object121 = {
		type = "World",
		model = "Object121.mesh",
		position = {0,0,0},
		scale = {0.3, 0.3, 0.3},
		rotation = "-0.000000 1.000000 0.000000 0.000000",
		static = true,
	},

	Object123 = {
		type = "World",
		model = "Object123.mesh",
		position = {0,0,0},
		scale = {0.3, 0.3, 0.3},
		rotation = "-0.000000 1.000000 0.000000 0.000000",
		static = true,
	},

	Object125 = {
		type = "World",
		model = "Object125.mesh",
		position = {0,0,0},
		scale = {0.3, 0.3, 0.3},
		rotation = "-0.000000 1.000000 0.000000 0.000000",
		static = true,
	},

	Object128 = {
		type = "World",
		model = "Object128.mesh",
		position = {0,0,0},
		scale = {0.3, 0.3, 0.3},
		rotation = "-0.000000 1.000000 0.000000 0.000000",
		static = true,
	},

	Object130 = {
		type = "World",
		model = "Object130.mesh",
		position = {0,0,0},
		scale = {0.3, 0.3, 0.3},
		rotation = "-0.000000 1.000000 0.000000 0.000000",
		static = true,
	},

	Object132 = {
		type = "World",
		model = "Object132.mesh",
		position = {0,0,0},
		scale = {0.3, 0.3, 0.3},
		rotation = "-0.000000 1.000000 0.000000 0.000000",
		static = true,
	},

	Object134 = {
		type = "World",
		model = "Object134.mesh",
		position = {0,0,0},
		scale = {0.3, 0.3, 0.3},
		rotation = "-0.000000 1.000000 0.000000 0.000000",
		static = true,
	},

	Object136 = {
		type = "World",
		model = "Object136.mesh",
		position = {0,0,0},
		scale = {0.3, 0.3, 0.3},
		rotation = "-0.000000 1.000000 0.000000 0.000000",
		static = true,
	},

	Object138 = {
		type = "World",
		model = "Object138.mesh",
		position = {0,0,0},
		scale = {0.3, 0.3, 0.3},
		rotation = "-0.000000 1.000000 0.000000 0.000000",
		static = true,
	},

	Object140 = {
		type = "World",
		model = "Object140.mesh",
		position = {0,0,0},
		scale = {0.3, 0.3, 0.3},
		rotation = "-0.000000 1.000000 0.000000 0.000000",
		static = true,
	},

	Object141 = {
		type = "World",
		model = "Object141.mesh",
		position = {0,0,0},
		scale = {0.3, 0.3, 0.3},
		rotation = "-0.000000 1.000000 0.000000 0.000000",
		static = true,
	},

	Object142 = {
		type = "World",
		model = "Object142.mesh",
		position = {0,0,0},
		scale = {0.3, 0.3, 0.3},
		rotation = "-0.000000 1.000000 0.000000 0.000000",
		static = true,
	},

	Object143 = {
		type = "World",
		model = "Object143.mesh",
		position = {0,0,0},
		scale = {0.3, 0.3, 0.3},
		rotation = "-0.000000 1.000000 0.000000 0.000000",
		static = true,
	},

	Object144 = {
		type = "World",
		model = "Object144.mesh",
		position = {0,0,0},
		scale = {0.3, 0.3, 0.3},
		rotation = "-0.000000 1.000000 0.000000 0.000000",
		static = true,
	},

	Object145 = {
		type = "World",
		model = "Object145.mesh",
		position = {0,0,0},
		scale = {0.3, 0.3, 0.3},
		rotation = "-0.000000 1.000000 0.000000 0.000000",
		static = true,
	},

	Object146 = {
		type = "World",
		model = "Object146.mesh",
		position = {0,0,0},
		scale = {0.3, 0.3, 0.3},
		rotation = "-0.000000 1.000000 0.000000 0.000000",
		static = true,
	},

	Object147 = {
		type = "World",
		model = "Object147.mesh",
		position = {0,0,0},
		scale = {0.300000, 0.300000, 0.300000},
		rotation = "-0.000000 1.000000 0.000000 0.000000",
		static = true,
	},

}
