Map = {

	World = {
		type = "World",
		model = "mapaAngel.mesh",
		physic_file = "media/models/mapaAngel/mapaAngel.RepX",
	},
	
	Vortice = {
		type = "Vortice",
	},
	
	David = {
		type = "LocalScreamer",
		isPlayer = true,
		position = {52.0, 84.0, 122.0},
	},
	
	Camera = {
		type = "Camera",
		height = 8,
	},
	
	SpawnPoint1 = {
		type = "SpawnPoint",
		position = {-235.435, 219.526, 109.276},
		yaw = 0,
		physic_entity = "rigid",
		physic_trigger = true,
		physic_type = "static",
		physic_shape = "box",
		physic_dimensions = { 4, 7, 4 },
	},
	
	ActiveSpell = {
		type = "ItemSpawn",
		position = {-258.071, 156.003, -198.531},
		model = "loco.mesh",
		id = "spell",
		reward = 1,
		respawnTime = 5,
	},
	
	PasiveSpell = {
		type = "ItemSpawn",
		position = {52.1866, 80.2496, 119.008},
		model = "loco.mesh",
		id = "spell",
		reward = 2,
		respawnTime = 5,
	},
	
	SuperShield = {
		type = "ItemSpawn",
		position = {84.2973, 204.139, -134.246},
		model = "shield1.mesh",
		id = "armor",
		reward = 125,
		respawnTime = 5,
	},
	
	Shield = {
		type = "ItemSpawn",
		position = {229.264, 142.335, -370.457},
		model = "shield1.mesh",
		id = "armor",
		reward = 60,
		respawnTime = 5,
	},
	
	Sniper1 = {
		type = "ItemSpawn",
		position = {-258.003, 244.648, 181.788} ,
		model = "sniper.mesh",
		id = "weapon",
		weaponType = 1,
		reward = 10,
		respawnTime = 5,
	},
	
	Sniper2 = {
		type = "ItemSpawn",
		position = {280.842, 66.6085, -316.999} ,
		model = "sniper.mesh",
		id = "weapon",
		weaponType = 1,
		reward = 10,
		respawnTime = 5,
	},
	
	IronHellGoat1 = {
		type = "ItemSpawn",
		position = {451.142, 142.652, -122.978},
		model = "rocketLauncher.mesh",
		id = "weapon",
		weaponType = 4,
		reward = 10,
		respawnTime = 5,
	},
	
	IronHellGoat2 = {
		type = "ItemSpawn",
		position = {-34.3487, 117.083, -334.206},
		model = "rocketLauncher.mesh",
		id = "weapon",
		weaponType = 4,
		reward = 10,
		respawnTime = 5,
	},
	
	Shotgun1 = {
		type = "ItemSpawn",
		position = {-128.255, 197.337, 48.4198},
		model = "shotGun.mesh",
		id = "weapon",
		weaponType = 2,
		reward = 30,
		respawnTime = 5,
	},
	
	Shotgun2 = {
		type = "ItemSpawn",
		position = {-65.2534, 158.368, -103.51},
		model = "shotGun.mesh",
		id = "weapon",
		weaponType = 2,
		reward = 30,
		respawnTime = 5,
	},
	
	Minigun1 = {
		type = "ItemSpawn",
		position = {306.738, 139.383, -476.958},
		model = "miniGun.mesh",
		id = "weapon",
		weaponType = 3,
		reward = 200,
		respawnTime = 5,
	},
	
	SmallOrb1 = {
		type = "ItemSpawn",
		position = {-189.875, 161.626, -390.027},
		model = "healthvial.mesh",
		id = "orb",
		reward = 5,
		respawnTime = 25,
	},
	
	SmallOrb2 = {
		type = "ItemSpawn",
		position = {-179.293, 153.387, -388.126},
		model = "healthvial.mesh",
		id = "orb",
		reward = 5,
		respawnTime = 25,
	},
	
	SmallOrb3 = {
		type = "ItemSpawn",
		position = {-166.553, 143.402, -386.915},
		model = "healthvial.mesh",
		id = "orb",
		reward = 5,
		respawnTime = 25,
	},
	
	SmallOrb4 = {
		type = "ItemSpawn",
		position = {-154.716, 131.556, -385.789},
		model = "healthvial.mesh",
		id = "orb",
		reward = 5,
		respawnTime = 25,
	},
	
	SmallOrb5 = {
		type = "ItemSpawn",
		position = {-140.253, 124.428, -377.062},
		model = "healthvial.mesh",
		id = "orb",
		reward = 5,
		respawnTime = 25,
	},
	
	SmallOrb6 = {
		type = "ItemSpawn",
		position = {-128.718, 121.016, -371.167},
		model = "healthvial.mesh",
		id = "orb",
		reward = 5,
		respawnTime = 25,
	},
	
	SmallOrb7 = {
		type = "ItemSpawn",
		position = {157.379, 138.856, -287.981},
		model = "healthvial.mesh",
		id = "orb",
		reward = 5,
		respawnTime = 25,
	},
	
	SmallOrb8 = {
		type = "ItemSpawn",
		position = {168.706, 138.856, -287.874},
		model = "healthvial.mesh",
		id = "orb",
		reward = 5,
		respawnTime = 25,
	},
	
	SmallOrb9 = {
		type = "ItemSpawn",
		position = {179.721, 138.856, -287.77},
		model = "healthvial.mesh",
		id = "orb",
		reward = 5,
		respawnTime = 25,
	},
	
	SmallOrb10 = {
		type = "ItemSpawn",
		position = {191.832, 138.856, -287.457},
		model = "healthvial.mesh",
		id = "orb",
		reward = 5,
		respawnTime = 25,
	},
	
	SmallOrb11 = {
		type = "ItemSpawn",
		position = {202.255, 138.849, -287.055},
		model = "healthvial.mesh",
		id = "orb",
		reward = 5,
		respawnTime = 25,
	},
	
	SmallOrb12 = {
		type = "ItemSpawn",
		position = {212.425, 138.856, -286.525},
		model = "healthvial.mesh",
		id = "orb",
		reward = 5,
		respawnTime = 25,
	},
	
	SmallOrb13 = {
		type = "ItemSpawn",
		position = {222.324, 138.856, -285.488},
		model = "healthvial.mesh",
		id = "orb",
		reward = 5,
		respawnTime = 25,
	},
	
}